2026-06-19 07:15:26,619 - INFO - Decomposition for 'List all products': {'intent': 'Retrieve all rows from products', 'tables': ['products'], 'columns': ['*'], 'filters': 'None', 'joins': 'None', 'question': 'List all products'}
2026-06-19 07:15:26,619 - INFO - Generated SQL: SELECT * FROM products ;
2026-06-19 07:15:26,619 - INFO - Attempt 1: executing -> SELECT * FROM products ;
2026-06-19 07:15:26,637 - INFO - Success on attempt 1 (110 rows, 18ms)
2026-06-19 07:15:26,638 - INFO - Decomposition for 'Get all customers': {'intent': 'Retrieve all rows from customers', 'tables': ['customers'], 'columns': ['*'], 'filters': 'None', 'joins': 'None', 'question': 'Get all customers'}
2026-06-19 07:15:26,638 - INFO - Generated SQL: SELECT * FROM customers ;
2026-06-19 07:15:26,638 - INFO - Attempt 1: executing -> SELECT * FROM customers ;
2026-06-19 07:15:26,652 - INFO - Success on attempt 1 (122 rows, 14ms)
2026-06-19 07:15:26,652 - INFO - Decomposition for 'Show all orders': {'intent': 'Retrieve all rows from orders', 'tables': ['orders'], 'columns': ['*'], 'filters': 'None', 'joins': 'None', 'question': 'Show all orders'}
2026-06-19 07:15:26,652 - INFO - Generated SQL: SELECT * FROM orders ;
2026-06-19 07:15:26,652 - INFO - Attempt 1: executing -> SELECT * FROM orders ;
2026-06-19 07:15:26,667 - INFO - Success on attempt 1 (326 rows, 14ms)
2026-06-19 07:15:26,667 - INFO - Decomposition for 'List all employees': {'intent': 'Retrieve all rows from employees', 'tables': ['employees'], 'columns': ['*'], 'filters': 'None', 'joins': 'None', 'question': 'List all employees'}
2026-06-19 07:15:26,667 - INFO - Generated SQL: SELECT * FROM employees ;
2026-06-19 07:15:26,667 - INFO - Attempt 1: executing -> SELECT * FROM employees ;
2026-06-19 07:15:26,679 - INFO - Success on attempt 1 (23 rows, 12ms)
2026-06-19 07:15:26,679 - INFO - Decomposition for 'Get all offices': {'intent': 'Retrieve all rows from offices', 'tables': ['offices'], 'columns': ['*'], 'filters': 'None', 'joins': 'None', 'question': 'Get all offices'}
2026-06-19 07:15:26,679 - INFO - Generated SQL: SELECT * FROM offices ;
2026-06-19 07:15:26,679 - INFO - Attempt 1: executing -> SELECT * FROM offices ;
2026-06-19 07:15:26,692 - INFO - Success on attempt 1 (7 rows, 12ms)
2026-06-19 07:15:26,692 - INFO - Decomposition for 'Show all product lines': {'intent': 'Retrieve all rows from productlines', 'tables': ['productlines'], 'columns': ['*'], 'filters': 'None', 'joins': 'None', 'question': 'Show all product lines'}
2026-06-19 07:15:26,692 - INFO - Generated SQL: SELECT * FROM productlines ;
2026-06-19 07:15:26,692 - INFO - Attempt 1: executing -> SELECT * FROM productlines ;
2026-06-19 07:15:26,703 - INFO - Success on attempt 1 (7 rows, 10ms)
2026-06-19 07:15:26,703 - INFO - Decomposition for 'List all payments': {'intent': 'Retrieve all rows from payments', 'tables': ['payments'], 'columns': ['*'], 'filters': 'None', 'joins': 'None', 'question': 'List all payments'}
2026-06-19 07:15:26,703 - INFO - Generated SQL: SELECT * FROM payments ;
2026-06-19 07:15:26,703 - INFO - Attempt 1: executing -> SELECT * FROM payments ;
2026-06-19 07:15:26,717 - INFO - Success on attempt 1 (273 rows, 14ms)
2026-06-19 07:15:26,718 - INFO - Decomposition for 'Get product names and prices': {'intent': 'Retrieve specific columns from products', 'tables': ['products'], 'columns': ['"productName"', '"buyPrice"'], 'filters': 'None', 'joins': 'None', 'question': 'Get product names and prices'}
2026-06-19 07:15:26,718 - INFO - Generated SQL: SELECT "productName", "buyPrice" FROM products ;
2026-06-19 07:15:26,718 - INFO - Attempt 1: executing -> SELECT "productName", "buyPrice" FROM products ;
2026-06-19 07:15:26,731 - INFO - Success on attempt 1 (110 rows, 13ms)
2026-06-19 07:15:26,731 - INFO - Decomposition for 'Get customer names and cities': {'intent': 'Retrieve specific columns from customers', 'tables': ['customers'], 'columns': ['"customerName"', 'city'], 'filters': 'None', 'joins': 'None', 'question': 'Get customer names and cities'}
2026-06-19 07:15:26,731 - INFO - Generated SQL: SELECT "customerName", city FROM customers ;
2026-06-19 07:15:26,731 - INFO - Attempt 1: executing -> SELECT "customerName", city FROM customers ;
2026-06-19 07:15:26,743 - INFO - Success on attempt 1 (122 rows, 11ms)
2026-06-19 07:15:26,743 - INFO - Decomposition for 'List employee first and last names': {'intent': 'Retrieve specific columns from employees', 'tables': ['employees'], 'columns': ['"firstName"', '"lastName"'], 'filters': 'None', 'joins': 'None', 'question': 'List employee first and last names'}
2026-06-19 07:15:26,743 - INFO - Generated SQL: SELECT "firstName", "lastName" FROM employees ;
2026-06-19 07:15:26,743 - INFO - Attempt 1: executing -> SELECT "firstName", "lastName" FROM employees ;
2026-06-19 07:15:26,755 - INFO - Success on attempt 1 (23 rows, 12ms)
2026-06-19 07:15:26,755 - INFO - Decomposition for 'Get all order dates': {'intent': 'Retrieve a single column from orders', 'tables': ['orders'], 'columns': ['"orderDate"'], 'filters': 'None', 'joins': 'None', 'question': 'Get all order dates'}
2026-06-19 07:15:26,755 - INFO - Generated SQL: SELECT "orderDate" FROM orders ;
2026-06-19 07:15:26,755 - INFO - Attempt 1: executing -> SELECT "orderDate" FROM orders ;
2026-06-19 07:15:26,771 - INFO - Success on attempt 1 (326 rows, 15ms)
2026-06-19 07:15:26,771 - INFO - Decomposition for 'Show product vendor list': {'intent': 'Retrieve a single column from products', 'tables': ['products'], 'columns': ['"productVendor"'], 'filters': 'None', 'joins': 'None', 'question': 'Show product vendor list'}
2026-06-19 07:15:26,772 - INFO - Generated SQL: SELECT "productVendor" FROM products ;
2026-06-19 07:15:26,772 - INFO - Attempt 1: executing -> SELECT "productVendor" FROM products ;
2026-06-19 07:15:26,784 - INFO - Success on attempt 1 (110 rows, 12ms)
2026-06-19 07:15:26,784 - INFO - Decomposition for 'Get all product codes': {'intent': 'Retrieve a single column from products', 'tables': ['products'], 'columns': ['"productCode"'], 'filters': 'None', 'joins': 'None', 'question': 'Get all product codes'}
2026-06-19 07:15:26,784 - INFO - Generated SQL: SELECT "productCode" FROM products ;
2026-06-19 07:15:26,784 - INFO - Attempt 1: executing -> SELECT "productCode" FROM products ;
2026-06-19 07:15:26,795 - INFO - Success on attempt 1 (110 rows, 10ms)
2026-06-19 07:15:26,795 - INFO - Decomposition for 'List all countries from offices': {'intent': 'Retrieve a single column from offices', 'tables': ['offices'], 'columns': ['country'], 'filters': 'None', 'joins': 'None', 'question': 'List all countries from offices'}
2026-06-19 07:15:26,795 - INFO - Generated SQL: SELECT country FROM offices ;
2026-06-19 07:15:26,795 - INFO - Attempt 1: executing -> SELECT country FROM offices ;
2026-06-19 07:15:26,807 - INFO - Success on attempt 1 (7 rows, 11ms)
2026-06-19 07:15:26,807 - INFO - Decomposition for 'Show all order statuses': {'intent': 'Retrieve a single column from orders', 'tables': ['orders'], 'columns': ['status'], 'filters': 'None', 'joins': 'None', 'question': 'Show all order statuses'}
2026-06-19 07:15:26,807 - INFO - Generated SQL: SELECT status FROM orders ;
2026-06-19 07:15:26,807 - INFO - Attempt 1: executing -> SELECT status FROM orders ;
2026-06-19 07:15:26,820 - INFO - Success on attempt 1 (326 rows, 12ms)
2026-06-19 07:15:26,820 - INFO - Decomposition for 'Get all payment amounts': {'intent': 'Retrieve a single column from payments', 'tables': ['payments'], 'columns': ['amount'], 'filters': 'None', 'joins': 'None', 'question': 'Get all payment amounts'}
2026-06-19 07:15:26,820 - INFO - Generated SQL: SELECT amount FROM payments ;
2026-06-19 07:15:26,820 - INFO - Attempt 1: executing -> SELECT amount FROM payments ;
2026-06-19 07:15:26,834 - INFO - Success on attempt 1 (273 rows, 13ms)
2026-06-19 07:15:26,834 - INFO - Decomposition for 'List all job titles': {'intent': 'Retrieve a single column from employees', 'tables': ['employees'], 'columns': ['"jobTitle"'], 'filters': 'None', 'joins': 'None', 'question': 'List all job titles'}
2026-06-19 07:15:26,834 - INFO - Generated SQL: SELECT "jobTitle" FROM employees ;
2026-06-19 07:15:26,834 - INFO - Attempt 1: executing -> SELECT "jobTitle" FROM employees ;
2026-06-19 07:15:26,846 - INFO - Success on attempt 1 (23 rows, 11ms)
2026-06-19 07:15:26,846 - INFO - Decomposition for 'Get customer phone numbers': {'intent': 'Retrieve a single column from customers', 'tables': ['customers'], 'columns': ['phone'], 'filters': 'None', 'joins': 'None', 'question': 'Get customer phone numbers'}
2026-06-19 07:15:26,846 - INFO - Generated SQL: SELECT phone FROM customers ;
2026-06-19 07:15:26,846 - INFO - Attempt 1: executing -> SELECT phone FROM customers ;
2026-06-19 07:15:26,859 - INFO - Success on attempt 1 (122 rows, 12ms)
2026-06-19 07:15:26,859 - INFO - Decomposition for 'Show product MSRP values': {'intent': 'Retrieve a single column from products', 'tables': ['products'], 'columns': ['"MSRP"'], 'filters': 'None', 'joins': 'None', 'question': 'Show product MSRP values'}
2026-06-19 07:15:26,859 - INFO - Generated SQL: SELECT "MSRP" FROM products ;
2026-06-19 07:15:26,859 - INFO - Attempt 1: executing -> SELECT "MSRP" FROM products ;
2026-06-19 07:15:26,871 - INFO - Success on attempt 1 (110 rows, 11ms)
2026-06-19 07:15:26,871 - INFO - Decomposition for 'List order numbers': {'intent': 'Retrieve a single column from orders', 'tables': ['orders'], 'columns': ['"orderNumber"'], 'filters': 'None', 'joins': 'None', 'question': 'List order numbers'}
2026-06-19 07:15:26,871 - INFO - Generated SQL: SELECT "orderNumber" FROM orders ;
2026-06-19 07:15:26,871 - INFO - Attempt 1: executing -> SELECT "orderNumber" FROM orders ;
2026-06-19 07:15:26,884 - INFO - Success on attempt 1 (326 rows, 12ms)
2026-06-19 07:15:26,884 - INFO - Decomposition for 'Get orders with customer names': {'intent': 'Retrieve orders together with related customers information', 'tables': ['orders o', 'customers c'], 'columns': ['o."orderNumber"', 'c."customerName"'], 'filters': 'None', 'joins': ['orders o JOIN customers c ON o."customerNumber" = c."customerNumber"'], 'question': 'Get orders with customer names'}
2026-06-19 07:15:26,884 - INFO - Generated SQL: SELECT o."orderNumber", c."customerName" FROM orders o JOIN customers c ON o."customerNumber" = c."customerNumber" ;
2026-06-19 07:15:26,884 - INFO - Attempt 1: executing -> SELECT o."orderNumber", c."customerName" FROM orders o JOIN customers c ON o."customerNumber" = c."customerNumber" ;
2026-06-19 07:15:26,897 - INFO - Success on attempt 1 (326 rows, 12ms)
2026-06-19 07:15:26,897 - INFO - Decomposition for 'Get employees with office city': {'intent': 'Retrieve employees together with related offices information', 'tables': ['employees e', 'offices of'], 'columns': ['e."firstName"', 'e."lastName"', 'of."city"'], 'filters': 'None', 'joins': ['employees e JOIN offices of ON e."officeCode" = of."officeCode"'], 'question': 'Get employees with office city'}
2026-06-19 07:15:26,897 - INFO - Generated SQL: SELECT e."firstName", e."lastName", of."city" FROM employees e JOIN offices of ON e."officeCode" = of."officeCode" ;
2026-06-19 07:15:26,897 - INFO - Attempt 1: executing -> SELECT e."firstName", e."lastName", of."city" FROM employees e JOIN offices of ON e."officeCode" = of."officeCode" ;
2026-06-19 07:15:26,910 - INFO - Success on attempt 1 (23 rows, 12ms)
2026-06-19 07:15:26,910 - INFO - Decomposition for 'Get payments with customer names': {'intent': 'Retrieve payments together with related customers information', 'tables': ['payments pm', 'customers c'], 'columns': ['pm."checkNumber"', 'pm.amount', 'c."customerName"'], 'filters': 'None', 'joins': ['payments pm JOIN customers c ON pm."customerNumber" = c."customerNumber"'], 'question': 'Get payments with customer names'}
2026-06-19 07:15:26,910 - INFO - Generated SQL: SELECT pm."checkNumber", pm.amount, c."customerName" FROM payments pm JOIN customers c ON pm."customerNumber" = c."customerNumber" ;
2026-06-19 07:15:26,910 - INFO - Attempt 1: executing -> SELECT pm."checkNumber", pm.amount, c."customerName" FROM payments pm JOIN customers c ON pm."customerNumber" = c."customerNumber" ;
2026-06-19 07:15:26,924 - INFO - Success on attempt 1 (273 rows, 14ms)
2026-06-19 07:15:26,924 - INFO - Decomposition for 'Get order details with product names': {'intent': 'Retrieve orderdetails together with related products information', 'tables': ['orderdetails od', 'products p'], 'columns': ['od."orderNumber"', 'p."productName"', 'od."quantityOrdered"'], 'filters': 'None', 'joins': ['orderdetails od JOIN products p ON od."productCode" = p."productCode"'], 'question': 'Get order details with product names'}
2026-06-19 07:15:26,924 - INFO - Generated SQL: SELECT od."orderNumber", p."productName", od."quantityOrdered" FROM orderdetails od JOIN products p ON od."productCode" = p."productCode" ;
2026-06-19 07:15:26,925 - INFO - Attempt 1: executing -> SELECT od."orderNumber", p."productName", od."quantityOrdered" FROM orderdetails od JOIN products p ON od."productCode" = p."productCode" ;
2026-06-19 07:15:26,950 - INFO - Success on attempt 1 (2996 rows, 25ms)
2026-06-19 07:15:26,952 - INFO - Decomposition for 'Get products with product line description': {'intent': 'Retrieve products together with related productlines information', 'tables': ['products p', 'productlines pl'], 'columns': ['p."productName"', 'pl."textDescription"'], 'filters': 'None', 'joins': ['products p JOIN productlines pl ON p."productLine" = pl."productLine"'], 'question': 'Get products with product line description'}
2026-06-19 07:15:26,952 - INFO - Generated SQL: SELECT p."productName", pl."textDescription" FROM products p JOIN productlines pl ON p."productLine" = pl."productLine" ;
2026-06-19 07:15:26,952 - INFO - Attempt 1: executing -> SELECT p."productName", pl."textDescription" FROM products p JOIN productlines pl ON p."productLine" = pl."productLine" ;
2026-06-19 07:15:26,964 - INFO - Success on attempt 1 (110 rows, 12ms)
2026-06-19 07:15:26,965 - INFO - Decomposition for 'Get customers with sales rep names': {'intent': 'Retrieve customers together with related employees information', 'tables': ['customers c', 'employees e'], 'columns': ['c."customerName"', 'e."firstName"', 'e."lastName"'], 'filters': 'None', 'joins': ['customers c JOIN employees e ON c."salesRepEmployeeNumber" = e."employeeNumber"'], 'question': 'Get customers with sales rep names'}
2026-06-19 07:15:26,965 - INFO - Generated SQL: SELECT c."customerName", e."firstName", e."lastName" FROM customers c JOIN employees e ON c."salesRepEmployeeNumber" = e."employeeNumber" ;
2026-06-19 07:15:26,965 - INFO - Attempt 1: executing -> SELECT c."customerName", e."firstName", e."lastName" FROM customers c JOIN employees e ON c."salesRepEmployeeNumber" = e."employeeNumber" ;
2026-06-19 07:15:26,979 - INFO - Success on attempt 1 (100 rows, 13ms)
2026-06-19 07:15:26,979 - INFO - Decomposition for 'Get orders with customer city': {'intent': 'Retrieve orders together with related customers information', 'tables': ['orders o', 'customers c'], 'columns': ['o."orderNumber"', 'c.city'], 'filters': 'None', 'joins': ['orders o JOIN customers c ON o."customerNumber" = c."customerNumber"'], 'question': 'Get orders with customer city'}
2026-06-19 07:15:26,979 - INFO - Generated SQL: SELECT o."orderNumber", c.city FROM orders o JOIN customers c ON o."customerNumber" = c."customerNumber" ;
2026-06-19 07:15:26,979 - INFO - Attempt 1: executing -> SELECT o."orderNumber", c.city FROM orders o JOIN customers c ON o."customerNumber" = c."customerNumber" ;
2026-06-19 07:15:26,992 - INFO - Success on attempt 1 (326 rows, 12ms)
2026-06-19 07:15:26,992 - INFO - Decomposition for 'Get employees and their manager': {'intent': 'Retrieve employees together with their manager (self join)', 'tables': ['employees e', 'employees m'], 'columns': ['e."firstName"', 'e."lastName"', 'm."firstName" AS "managerFirstName"', 'm."lastName" AS "managerLastName"'], 'filters': 'None', 'joins': ['employees e JOIN employees m ON e."reportsTo" = m."employeeNumber"'], 'question': 'Get employees and their manager'}
2026-06-19 07:15:26,992 - INFO - Generated SQL: SELECT e."firstName", e."lastName", m."firstName" AS "managerFirstName", m."lastName" AS "managerLastName" FROM employees e JOIN employees m ON e."reportsTo" = m."employeeNumber" ;
2026-06-19 07:15:26,992 - INFO - Attempt 1: executing -> SELECT e."firstName", e."lastName", m."firstName" AS "managerFirstName", m."lastName" AS "managerLastName" FROM employees e JOIN employees m ON e."reportsTo" = m."employeeNumber" ;
2026-06-19 07:15:27,005 - INFO - Success on attempt 1 (22 rows, 13ms)
2026-06-19 07:15:27,006 - INFO - Decomposition for 'Get orderdetails with product vendor': {'intent': 'Retrieve orderdetails together with related products information', 'tables': ['orderdetails od', 'products p'], 'columns': ['od."orderNumber"', 'p."productVendor"'], 'filters': 'None', 'joins': ['orderdetails od JOIN products p ON od."productCode" = p."productCode"'], 'question': 'Get orderdetails with product vendor'}
2026-06-19 07:15:27,006 - INFO - Generated SQL: SELECT od."orderNumber", p."productVendor" FROM orderdetails od JOIN products p ON od."productCode" = p."productCode" ;
2026-06-19 07:15:27,006 - INFO - Attempt 1: executing -> SELECT od."orderNumber", p."productVendor" FROM orderdetails od JOIN products p ON od."productCode" = p."productCode" ;
2026-06-19 07:15:27,028 - INFO - Success on attempt 1 (2996 rows, 22ms)
2026-06-19 07:15:27,028 - INFO - Decomposition for 'Get payments with customer country': {'intent': 'Retrieve payments together with related customers information', 'tables': ['payments pm', 'customers c'], 'columns': ['pm."checkNumber"', 'c.country'], 'filters': 'None', 'joins': ['payments pm JOIN customers c ON pm."customerNumber" = c."customerNumber"'], 'question': 'Get payments with customer country'}
2026-06-19 07:15:27,028 - INFO - Generated SQL: SELECT pm."checkNumber", c.country FROM payments pm JOIN customers c ON pm."customerNumber" = c."customerNumber" ;
2026-06-19 07:15:27,028 - INFO - Attempt 1: executing -> SELECT pm."checkNumber", c.country FROM payments pm JOIN customers c ON pm."customerNumber" = c."customerNumber" ;
2026-06-19 07:15:27,041 - INFO - Success on attempt 1 (273 rows, 13ms)
2026-06-19 07:15:27,042 - INFO - Decomposition for 'Count customers per country': {'intent': 'COUNT of customers grouped by country', 'tables': ['customers'], 'columns': ['country', 'COUNT(*) AS result'], 'filters': 'GROUP BY country', 'joins': 'None', 'question': 'Count customers per country'}
2026-06-19 07:15:27,042 - INFO - Generated SQL: SELECT country, COUNT(*) AS result FROM customers GROUP BY country;
2026-06-19 07:15:27,042 - INFO - Attempt 1: executing -> SELECT country, COUNT(*) AS result FROM customers GROUP BY country;
2026-06-19 07:15:27,056 - INFO - Success on attempt 1 (28 rows, 14ms)
2026-06-19 07:15:27,056 - INFO - Decomposition for 'Total payments per customer': {'intent': 'SUM of payments grouped by customer', 'tables': ['payments pm', 'customers c'], 'columns': ['c."customerNumber"', 'SUM(pm.amount) AS result'], 'filters': 'GROUP BY c."customerNumber"', 'joins': ['payments pm JOIN customers c ON pm."customerNumber" = c."customerNumber"'], 'question': 'Total payments per customer'}
2026-06-19 07:15:27,056 - INFO - Generated SQL: SELECT c."customerNumber", SUM(pm.amount) AS result FROM payments pm JOIN customers c ON pm."customerNumber" = c."customerNumber" GROUP BY c."customerNumber";
2026-06-19 07:15:27,056 - INFO - Attempt 1: executing -> SELECT c."customerNumber", SUM(pm.amount) AS result FROM payments pm JOIN customers c ON pm."customerNumber" = c."customerNumber" GROUP BY c."customerNumber";
2026-06-19 07:15:27,068 - INFO - Success on attempt 1 (98 rows, 11ms)
2026-06-19 07:15:27,068 - INFO - Decomposition for 'Number of orders per status': {'intent': 'COUNT of orders grouped by status', 'tables': ['orders'], 'columns': ['status', 'COUNT(*) AS result'], 'filters': 'GROUP BY status', 'joins': 'None', 'question': 'Number of orders per status'}
2026-06-19 07:15:27,068 - INFO - Generated SQL: SELECT status, COUNT(*) AS result FROM orders GROUP BY status;
2026-06-19 07:15:27,068 - INFO - Attempt 1: executing -> SELECT status, COUNT(*) AS result FROM orders GROUP BY status;
2026-06-19 07:15:27,081 - INFO - Success on attempt 1 (6 rows, 12ms)
2026-06-19 07:15:27,081 - INFO - Decomposition for 'Products per product line': {'intent': 'COUNT of products grouped by product line', 'tables': ['products p', 'productlines pl'], 'columns': ['pl."productLine"', 'COUNT(*) AS result'], 'filters': 'GROUP BY pl."productLine"', 'joins': ['products p JOIN productlines pl ON p."productLine" = pl."productLine"'], 'question': 'Products per product line'}
2026-06-19 07:15:27,081 - INFO - Generated SQL: SELECT pl."productLine", COUNT(*) AS result FROM products p JOIN productlines pl ON p."productLine" = pl."productLine" GROUP BY pl."productLine";
2026-06-19 07:15:27,081 - INFO - Attempt 1: executing -> SELECT pl."productLine", COUNT(*) AS result FROM products p JOIN productlines pl ON p."productLine" = pl."productLine" GROUP BY pl."productLine";
2026-06-19 07:15:27,094 - INFO - Success on attempt 1 (7 rows, 13ms)
2026-06-19 07:15:27,094 - INFO - Decomposition for 'Employees per office': {'intent': 'COUNT of employees grouped by office', 'tables': ['employees e', 'offices of'], 'columns': ['of."officeCode"', 'COUNT(*) AS result'], 'filters': 'GROUP BY of."officeCode"', 'joins': ['employees e JOIN offices of ON e."officeCode" = of."officeCode"'], 'question': 'Employees per office'}
2026-06-19 07:15:27,094 - INFO - Generated SQL: SELECT of."officeCode", COUNT(*) AS result FROM employees e JOIN offices of ON e."officeCode" = of."officeCode" GROUP BY of."officeCode";
2026-06-19 07:15:27,094 - INFO - Attempt 1: executing -> SELECT of."officeCode", COUNT(*) AS result FROM employees e JOIN offices of ON e."officeCode" = of."officeCode" GROUP BY of."officeCode";
2026-06-19 07:15:27,108 - INFO - Success on attempt 1 (7 rows, 13ms)
2026-06-19 07:15:27,108 - INFO - Decomposition for 'Total stock per product vendor': {'intent': 'SUM of stock grouped by vendor', 'tables': ['products'], 'columns': ['"productVendor"', 'SUM("quantityInStock") AS result'], 'filters': 'GROUP BY "productVendor"', 'joins': 'None', 'question': 'Total stock per product vendor'}
2026-06-19 07:15:27,108 - INFO - Generated SQL: SELECT "productVendor", SUM("quantityInStock") AS result FROM products GROUP BY "productVendor";
2026-06-19 07:15:27,108 - INFO - Attempt 1: executing -> SELECT "productVendor", SUM("quantityInStock") AS result FROM products GROUP BY "productVendor";
2026-06-19 07:15:27,122 - INFO - Success on attempt 1 (13 rows, 14ms)
2026-06-19 07:15:27,122 - INFO - Decomposition for 'Average buy price per product line': {'intent': 'AVG of buy price grouped by product line', 'tables': ['products p', 'productlines pl'], 'columns': ['pl."productLine"', 'AVG(p."buyPrice") AS result'], 'filters': 'GROUP BY pl."productLine"', 'joins': ['products p JOIN productlines pl ON p."productLine" = pl."productLine"'], 'question': 'Average buy price per product line'}
2026-06-19 07:15:27,122 - INFO - Generated SQL: SELECT pl."productLine", AVG(p."buyPrice") AS result FROM products p JOIN productlines pl ON p."productLine" = pl."productLine" GROUP BY pl."productLine";
2026-06-19 07:15:27,123 - INFO - Attempt 1: executing -> SELECT pl."productLine", AVG(p."buyPrice") AS result FROM products p JOIN productlines pl ON p."productLine" = pl."productLine" GROUP BY pl."productLine";
2026-06-19 07:15:27,136 - INFO - Success on attempt 1 (7 rows, 13ms)
2026-06-19 07:15:27,136 - INFO - Decomposition for 'Orders per customer': {'intent': 'COUNT of orders grouped by customer', 'tables': ['orders o', 'customers c'], 'columns': ['c."customerNumber"', 'COUNT(*) AS result'], 'filters': 'GROUP BY c."customerNumber"', 'joins': ['orders o JOIN customers c ON o."customerNumber" = c."customerNumber"'], 'question': 'Orders per customer'}
2026-06-19 07:15:27,136 - INFO - Generated SQL: SELECT c."customerNumber", COUNT(*) AS result FROM orders o JOIN customers c ON o."customerNumber" = c."customerNumber" GROUP BY c."customerNumber";
2026-06-19 07:15:27,136 - INFO - Attempt 1: executing -> SELECT c."customerNumber", COUNT(*) AS result FROM orders o JOIN customers c ON o."customerNumber" = c."customerNumber" GROUP BY c."customerNumber";
2026-06-19 07:15:27,148 - INFO - Success on attempt 1 (98 rows, 11ms)
2026-06-19 07:15:27,148 - INFO - Decomposition for 'Max MSRP per product line': {'intent': 'MAX of msrp grouped by product line', 'tables': ['products p', 'productlines pl'], 'columns': ['pl."productLine"', 'MAX(p."MSRP") AS result'], 'filters': 'GROUP BY pl."productLine"', 'joins': ['products p JOIN productlines pl ON p."productLine" = pl."productLine"'], 'question': 'Max MSRP per product line'}
2026-06-19 07:15:27,148 - INFO - Generated SQL: SELECT pl."productLine", MAX(p."MSRP") AS result FROM products p JOIN productlines pl ON p."productLine" = pl."productLine" GROUP BY pl."productLine";
2026-06-19 07:15:27,148 - INFO - Attempt 1: executing -> SELECT pl."productLine", MAX(p."MSRP") AS result FROM products p JOIN productlines pl ON p."productLine" = pl."productLine" GROUP BY pl."productLine";
2026-06-19 07:15:27,161 - INFO - Success on attempt 1 (7 rows, 13ms)
2026-06-19 07:15:27,162 - INFO - Decomposition for 'Min buy price per vendor': {'intent': 'MIN of buy price grouped by vendor', 'tables': ['products'], 'columns': ['"productVendor"', 'MIN("buyPrice") AS result'], 'filters': 'GROUP BY "productVendor"', 'joins': 'None', 'question': 'Min buy price per vendor'}
2026-06-19 07:15:27,162 - INFO - Generated SQL: SELECT "productVendor", MIN("buyPrice") AS result FROM products GROUP BY "productVendor";
2026-06-19 07:15:27,162 - INFO - Attempt 1: executing -> SELECT "productVendor", MIN("buyPrice") AS result FROM products GROUP BY "productVendor";
2026-06-19 07:15:27,175 - INFO - Success on attempt 1 (13 rows, 13ms)
2026-06-19 07:15:27,175 - INFO - Decomposition for 'Total number of customers': {'intent': 'COUNT of customers', 'tables': ['customers'], 'columns': ['COUNT(*) AS result'], 'filters': 'None', 'joins': 'None', 'question': 'Total number of customers'}
2026-06-19 07:15:27,175 - INFO - Generated SQL: SELECT COUNT(*) AS result FROM customers ;
2026-06-19 07:15:27,175 - INFO - Attempt 1: executing -> SELECT COUNT(*) AS result FROM customers ;
2026-06-19 07:15:27,187 - INFO - Success on attempt 1 (1 rows, 12ms)
2026-06-19 07:15:27,188 - INFO - Decomposition for 'Total number of products': {'intent': 'COUNT of products', 'tables': ['products'], 'columns': ['COUNT(*) AS result'], 'filters': 'None', 'joins': 'None', 'question': 'Total number of products'}
2026-06-19 07:15:27,188 - INFO - Generated SQL: SELECT COUNT(*) AS result FROM products ;
2026-06-19 07:15:27,188 - INFO - Attempt 1: executing -> SELECT COUNT(*) AS result FROM products ;
2026-06-19 07:15:27,200 - INFO - Success on attempt 1 (1 rows, 12ms)
2026-06-19 07:15:27,200 - INFO - Decomposition for 'Total revenue from payments': {'intent': 'SUM of revenue from payments', 'tables': ['payments'], 'columns': ['SUM(amount) AS result'], 'filters': 'None', 'joins': 'None', 'question': 'Total revenue from payments'}
2026-06-19 07:15:27,200 - INFO - Generated SQL: SELECT SUM(amount) AS result FROM payments ;
2026-06-19 07:15:27,200 - INFO - Attempt 1: executing -> SELECT SUM(amount) AS result FROM payments ;
2026-06-19 07:15:27,214 - INFO - Success on attempt 1 (1 rows, 13ms)
2026-06-19 07:15:27,214 - INFO - Decomposition for 'Average product price': {'intent': 'AVG of product price', 'tables': ['products'], 'columns': ['AVG("buyPrice") AS result'], 'filters': 'None', 'joins': 'None', 'question': 'Average product price'}
2026-06-19 07:15:27,214 - INFO - Generated SQL: SELECT AVG("buyPrice") AS result FROM products ;
2026-06-19 07:15:27,214 - INFO - Attempt 1: executing -> SELECT AVG("buyPrice") AS result FROM products ;
2026-06-19 07:15:27,226 - INFO - Success on attempt 1 (1 rows, 12ms)
2026-06-19 07:15:27,227 - INFO - Decomposition for 'Max payment amount': {'intent': 'MAX of payment amount', 'tables': ['payments'], 'columns': ['MAX(amount) AS result'], 'filters': 'None', 'joins': 'None', 'question': 'Max payment amount'}
2026-06-19 07:15:27,227 - INFO - Generated SQL: SELECT MAX(amount) AS result FROM payments ;
2026-06-19 07:15:27,227 - INFO - Attempt 1: executing -> SELECT MAX(amount) AS result FROM payments ;
2026-06-19 07:15:27,239 - INFO - Success on attempt 1 (1 rows, 12ms)
2026-06-19 07:15:27,239 - INFO - Decomposition for 'Min payment amount': {'intent': 'MIN of payment amount', 'tables': ['payments'], 'columns': ['MIN(amount) AS result'], 'filters': 'None', 'joins': 'None', 'question': 'Min payment amount'}
2026-06-19 07:15:27,239 - INFO - Generated SQL: SELECT MIN(amount) AS result FROM payments ;
2026-06-19 07:15:27,239 - INFO - Attempt 1: executing -> SELECT MIN(amount) AS result FROM payments ;
2026-06-19 07:15:27,253 - INFO - Success on attempt 1 (1 rows, 13ms)
2026-06-19 07:15:27,253 - INFO - Decomposition for 'Count total orders': {'intent': 'COUNT of orders', 'tables': ['orders'], 'columns': ['COUNT(*) AS result'], 'filters': 'None', 'joins': 'None', 'question': 'Count total orders'}
2026-06-19 07:15:27,253 - INFO - Generated SQL: SELECT COUNT(*) AS result FROM orders ;
2026-06-19 07:15:27,253 - INFO - Attempt 1: executing -> SELECT COUNT(*) AS result FROM orders ;
2026-06-19 07:15:27,266 - INFO - Success on attempt 1 (1 rows, 12ms)
2026-06-19 07:15:27,266 - INFO - Decomposition for 'Total quantity in stock': {'intent': 'SUM of quantity in stock', 'tables': ['products'], 'columns': ['SUM("quantityInStock") AS result'], 'filters': 'None', 'joins': 'None', 'question': 'Total quantity in stock'}
2026-06-19 07:15:27,266 - INFO - Generated SQL: SELECT SUM("quantityInStock") AS result FROM products ;
2026-06-19 07:15:27,266 - INFO - Attempt 1: executing -> SELECT SUM("quantityInStock") AS result FROM products ;
2026-06-19 07:15:27,278 - INFO - Success on attempt 1 (1 rows, 11ms)
2026-06-19 07:15:27,279 - INFO - Decomposition for 'Average MSRP': {'intent': 'AVG of msrp', 'tables': ['products'], 'columns': ['AVG("MSRP") AS result'], 'filters': 'None', 'joins': 'None', 'question': 'Average MSRP'}
2026-06-19 07:15:27,279 - INFO - Generated SQL: SELECT AVG("MSRP") AS result FROM products ;
2026-06-19 07:15:27,279 - INFO - Attempt 1: executing -> SELECT AVG("MSRP") AS result FROM products ;
2026-06-19 07:15:27,289 - INFO - Success on attempt 1 (1 rows, 10ms)
2026-06-19 07:15:27,289 - INFO - Decomposition for 'Number of employees': {'intent': 'COUNT of employees', 'tables': ['employees'], 'columns': ['COUNT(*) AS result'], 'filters': 'None', 'joins': 'None', 'question': 'Number of employees'}
2026-06-19 07:15:27,289 - INFO - Generated SQL: SELECT COUNT(*) AS result FROM employees ;
2026-06-19 07:15:27,291 - INFO - Attempt 1: executing -> SELECT COUNT(*) AS result FROM employees ;
2026-06-19 07:15:27,302 - INFO - Success on attempt 1 (1 rows, 11ms)
2026-06-19 13:30:24,803 - INFO - Decomposition for 'List all products': {'intent': 'Retrieve all rows from products', 'tables': ['products'], 'columns': ['*'], 'filters': 'None', 'joins': 'None', 'question': 'List all products'}
2026-06-19 13:30:24,803 - INFO - Generated SQL: SELECT * FROM products ;
2026-06-19 13:30:24,804 - INFO - Attempt 1: executing -> SELECT * FROM products ;
2026-06-19 13:30:24,878 - INFO - Success on attempt 1 (110 rows, 74ms)
2026-06-19 13:30:24,880 - INFO - Decomposition for 'Get all customers': {'intent': 'Retrieve all rows from customers', 'tables': ['customers'], 'columns': ['*'], 'filters': 'None', 'joins': 'None', 'question': 'Get all customers'}
2026-06-19 13:30:24,880 - INFO - Generated SQL: SELECT * FROM customers ;
2026-06-19 13:30:24,880 - INFO - Attempt 1: executing -> SELECT * FROM customers ;
2026-06-19 13:30:24,913 - INFO - Success on attempt 1 (122 rows, 32ms)
2026-06-19 13:30:24,914 - INFO - Decomposition for 'Show all orders': {'intent': 'Retrieve all rows from orders', 'tables': ['orders'], 'columns': ['*'], 'filters': 'None', 'joins': 'None', 'question': 'Show all orders'}
2026-06-19 13:30:24,914 - INFO - Generated SQL: SELECT * FROM orders ;
2026-06-19 13:30:24,914 - INFO - Attempt 1: executing -> SELECT * FROM orders ;
2026-06-19 13:30:24,938 - INFO - Success on attempt 1 (326 rows, 23ms)
2026-06-19 13:30:24,939 - INFO - Decomposition for 'List all employees': {'intent': 'Retrieve all rows from employees', 'tables': ['employees'], 'columns': ['*'], 'filters': 'None', 'joins': 'None', 'question': 'List all employees'}
2026-06-19 13:30:24,940 - INFO - Generated SQL: SELECT * FROM employees ;
2026-06-19 13:30:24,940 - INFO - Attempt 1: executing -> SELECT * FROM employees ;
2026-06-19 13:30:24,963 - INFO - Success on attempt 1 (23 rows, 23ms)
2026-06-19 13:30:24,964 - INFO - Decomposition for 'Get all offices': {'intent': 'Retrieve all rows from offices', 'tables': ['offices'], 'columns': ['*'], 'filters': 'None', 'joins': 'None', 'question': 'Get all offices'}
2026-06-19 13:30:24,964 - INFO - Generated SQL: SELECT * FROM offices ;
2026-06-19 13:30:24,965 - INFO - Attempt 1: executing -> SELECT * FROM offices ;
2026-06-19 13:30:24,994 - INFO - Success on attempt 1 (7 rows, 29ms)
2026-06-19 13:30:24,996 - INFO - Decomposition for 'Show all product lines': {'intent': 'Retrieve all rows from productlines', 'tables': ['productlines'], 'columns': ['*'], 'filters': 'None', 'joins': 'None', 'question': 'Show all product lines'}
2026-06-19 13:30:24,996 - INFO - Generated SQL: SELECT * FROM productlines ;
2026-06-19 13:30:24,997 - INFO - Attempt 1: executing -> SELECT * FROM productlines ;
2026-06-19 13:30:25,028 - INFO - Success on attempt 1 (7 rows, 31ms)
2026-06-19 13:30:25,029 - INFO - Decomposition for 'List all payments': {'intent': 'Retrieve all rows from payments', 'tables': ['payments'], 'columns': ['*'], 'filters': 'None', 'joins': 'None', 'question': 'List all payments'}
2026-06-19 13:30:25,029 - INFO - Generated SQL: SELECT * FROM payments ;
2026-06-19 13:30:25,029 - INFO - Attempt 1: executing -> SELECT * FROM payments ;
2026-06-19 13:30:25,051 - INFO - Success on attempt 1 (273 rows, 22ms)
2026-06-19 13:30:25,052 - INFO - Decomposition for 'Get product names and prices': {'intent': 'Retrieve specific columns from products', 'tables': ['products'], 'columns': ['"productName"', '"buyPrice"'], 'filters': 'None', 'joins': 'None', 'question': 'Get product names and prices'}
2026-06-19 13:30:25,053 - INFO - Generated SQL: SELECT "productName", "buyPrice" FROM products ;
2026-06-19 13:30:25,053 - INFO - Attempt 1: executing -> SELECT "productName", "buyPrice" FROM products ;
2026-06-19 13:30:25,075 - INFO - Success on attempt 1 (110 rows, 22ms)
2026-06-19 13:30:25,076 - INFO - Decomposition for 'Get customer names and cities': {'intent': 'Retrieve specific columns from customers', 'tables': ['customers'], 'columns': ['"customerName"', 'city'], 'filters': 'None', 'joins': 'None', 'question': 'Get customer names and cities'}
2026-06-19 13:30:25,076 - INFO - Generated SQL: SELECT "customerName", city FROM customers ;
2026-06-19 13:30:25,076 - INFO - Attempt 1: executing -> SELECT "customerName", city FROM customers ;
2026-06-19 13:30:25,111 - INFO - Success on attempt 1 (122 rows, 34ms)
2026-06-19 13:30:25,112 - INFO - Decomposition for 'List employee first and last names': {'intent': 'Retrieve specific columns from employees', 'tables': ['employees'], 'columns': ['"firstName"', '"lastName"'], 'filters': 'None', 'joins': 'None', 'question': 'List employee first and last names'}
2026-06-19 13:30:25,112 - INFO - Generated SQL: SELECT "firstName", "lastName" FROM employees ;
2026-06-19 13:30:25,112 - INFO - Attempt 1: executing -> SELECT "firstName", "lastName" FROM employees ;
2026-06-19 13:30:25,138 - INFO - Success on attempt 1 (23 rows, 25ms)
2026-06-19 13:30:25,139 - INFO - Decomposition for 'Get all order dates': {'intent': 'Retrieve a single column from orders', 'tables': ['orders'], 'columns': ['"orderDate"'], 'filters': 'None', 'joins': 'None', 'question': 'Get all order dates'}
2026-06-19 13:30:25,139 - INFO - Generated SQL: SELECT "orderDate" FROM orders ;
2026-06-19 13:30:25,140 - INFO - Attempt 1: executing -> SELECT "orderDate" FROM orders ;
2026-06-19 13:30:25,165 - INFO - Success on attempt 1 (326 rows, 25ms)
2026-06-19 13:30:25,166 - INFO - Decomposition for 'Show product vendor list': {'intent': 'Retrieve a single column from products', 'tables': ['products'], 'columns': ['"productVendor"'], 'filters': 'None', 'joins': 'None', 'question': 'Show product vendor list'}
2026-06-19 13:30:25,167 - INFO - Generated SQL: SELECT "productVendor" FROM products ;
2026-06-19 13:30:25,167 - INFO - Attempt 1: executing -> SELECT "productVendor" FROM products ;
2026-06-19 13:30:25,198 - INFO - Success on attempt 1 (110 rows, 31ms)
2026-06-19 13:30:25,199 - INFO - Decomposition for 'Get all product codes': {'intent': 'Retrieve a single column from products', 'tables': ['products'], 'columns': ['"productCode"'], 'filters': 'None', 'joins': 'None', 'question': 'Get all product codes'}
2026-06-19 13:30:25,200 - INFO - Generated SQL: SELECT "productCode" FROM products ;
2026-06-19 13:30:25,200 - INFO - Attempt 1: executing -> SELECT "productCode" FROM products ;
2026-06-19 13:30:25,237 - INFO - Success on attempt 1 (110 rows, 36ms)
2026-06-19 13:30:25,239 - INFO - Decomposition for 'List all countries from offices': {'intent': 'Retrieve a single column from offices', 'tables': ['offices'], 'columns': ['country'], 'filters': 'None', 'joins': 'None', 'question': 'List all countries from offices'}
2026-06-19 13:30:25,239 - INFO - Generated SQL: SELECT country FROM offices ;
2026-06-19 13:30:25,240 - INFO - Attempt 1: executing -> SELECT country FROM offices ;
2026-06-19 13:30:25,270 - INFO - Success on attempt 1 (7 rows, 30ms)
2026-06-19 13:30:25,272 - INFO - Decomposition for 'Show all order statuses': {'intent': 'Retrieve a single column from orders', 'tables': ['orders'], 'columns': ['status'], 'filters': 'None', 'joins': 'None', 'question': 'Show all order statuses'}
2026-06-19 13:30:25,272 - INFO - Generated SQL: SELECT status FROM orders ;
2026-06-19 13:30:25,273 - INFO - Attempt 1: executing -> SELECT status FROM orders ;
2026-06-19 13:30:25,303 - INFO - Success on attempt 1 (326 rows, 30ms)
2026-06-19 13:30:25,304 - INFO - Decomposition for 'Get all payment amounts': {'intent': 'Retrieve a single column from payments', 'tables': ['payments'], 'columns': ['amount'], 'filters': 'None', 'joins': 'None', 'question': 'Get all payment amounts'}
2026-06-19 13:30:25,305 - INFO - Generated SQL: SELECT amount FROM payments ;
2026-06-19 13:30:25,305 - INFO - Attempt 1: executing -> SELECT amount FROM payments ;
2026-06-19 13:30:25,332 - INFO - Success on attempt 1 (273 rows, 26ms)
2026-06-19 13:30:25,332 - INFO - Decomposition for 'List all job titles': {'intent': 'Retrieve a single column from employees', 'tables': ['employees'], 'columns': ['"jobTitle"'], 'filters': 'None', 'joins': 'None', 'question': 'List all job titles'}
2026-06-19 13:30:25,333 - INFO - Generated SQL: SELECT "jobTitle" FROM employees ;
2026-06-19 13:30:25,333 - INFO - Attempt 1: executing -> SELECT "jobTitle" FROM employees ;
2026-06-19 13:30:25,367 - INFO - Success on attempt 1 (23 rows, 33ms)
2026-06-19 13:30:25,368 - INFO - Decomposition for 'Get customer phone numbers': {'intent': 'Retrieve a single column from customers', 'tables': ['customers'], 'columns': ['phone'], 'filters': 'None', 'joins': 'None', 'question': 'Get customer phone numbers'}
2026-06-19 13:30:25,368 - INFO - Generated SQL: SELECT phone FROM customers ;
2026-06-19 13:30:25,368 - INFO - Attempt 1: executing -> SELECT phone FROM customers ;
2026-06-19 13:30:25,399 - INFO - Success on attempt 1 (122 rows, 30ms)
2026-06-19 13:30:25,400 - INFO - Decomposition for 'Show product MSRP values': {'intent': 'Retrieve a single column from products', 'tables': ['products'], 'columns': ['"MSRP"'], 'filters': 'None', 'joins': 'None', 'question': 'Show product MSRP values'}
2026-06-19 13:30:25,400 - INFO - Generated SQL: SELECT "MSRP" FROM products ;
2026-06-19 13:30:25,400 - INFO - Attempt 1: executing -> SELECT "MSRP" FROM products ;
2026-06-19 13:30:25,430 - INFO - Success on attempt 1 (110 rows, 29ms)
2026-06-19 13:30:25,432 - INFO - Decomposition for 'List order numbers': {'intent': 'Retrieve a single column from orders', 'tables': ['orders'], 'columns': ['"orderNumber"'], 'filters': 'None', 'joins': 'None', 'question': 'List order numbers'}
2026-06-19 13:30:25,432 - INFO - Generated SQL: SELECT "orderNumber" FROM orders ;
2026-06-19 13:30:25,432 - INFO - Attempt 1: executing -> SELECT "orderNumber" FROM orders ;
2026-06-19 13:30:25,463 - INFO - Success on attempt 1 (326 rows, 31ms)
2026-06-19 13:30:25,464 - INFO - Decomposition for 'Get orders with customer names': {'intent': 'Retrieve orders together with related customers information', 'tables': ['orders o', 'customers c'], 'columns': ['o."orderNumber"', 'c."customerName"'], 'filters': 'None', 'joins': ['orders o JOIN customers c ON o."customerNumber" = c."customerNumber"'], 'question': 'Get orders with customer names'}
2026-06-19 13:30:25,464 - INFO - Generated SQL: SELECT o."orderNumber", c."customerName" FROM orders o JOIN customers c ON o."customerNumber" = c."customerNumber" ;
2026-06-19 13:30:25,465 - INFO - Attempt 1: executing -> SELECT o."orderNumber", c."customerName" FROM orders o JOIN customers c ON o."customerNumber" = c."customerNumber" ;
2026-06-19 13:30:25,496 - INFO - Success on attempt 1 (326 rows, 30ms)
2026-06-19 13:30:25,497 - INFO - Decomposition for 'Get employees with office city': {'intent': 'Retrieve employees together with related offices information', 'tables': ['employees e', 'offices of'], 'columns': ['e."firstName"', 'e."lastName"', 'of."city"'], 'filters': 'None', 'joins': ['employees e JOIN offices of ON e."officeCode" = of."officeCode"'], 'question': 'Get employees with office city'}
2026-06-19 13:30:25,497 - INFO - Generated SQL: SELECT e."firstName", e."lastName", of."city" FROM employees e JOIN offices of ON e."officeCode" = of."officeCode" ;
2026-06-19 13:30:25,497 - INFO - Attempt 1: executing -> SELECT e."firstName", e."lastName", of."city" FROM employees e JOIN offices of ON e."officeCode" = of."officeCode" ;
2026-06-19 13:30:25,541 - INFO - Success on attempt 1 (23 rows, 43ms)
2026-06-19 13:30:25,541 - INFO - Decomposition for 'Get payments with customer names': {'intent': 'Retrieve payments together with related customers information', 'tables': ['payments pm', 'customers c'], 'columns': ['pm."checkNumber"', 'pm.amount', 'c."customerName"'], 'filters': 'None', 'joins': ['payments pm JOIN customers c ON pm."customerNumber" = c."customerNumber"'], 'question': 'Get payments with customer names'}
2026-06-19 13:30:25,542 - INFO - Generated SQL: SELECT pm."checkNumber", pm.amount, c."customerName" FROM payments pm JOIN customers c ON pm."customerNumber" = c."customerNumber" ;
2026-06-19 13:30:25,542 - INFO - Attempt 1: executing -> SELECT pm."checkNumber", pm.amount, c."customerName" FROM payments pm JOIN customers c ON pm."customerNumber" = c."customerNumber" ;
2026-06-19 13:30:25,583 - INFO - Success on attempt 1 (273 rows, 40ms)
2026-06-19 13:30:25,584 - INFO - Decomposition for 'Get order details with product names': {'intent': 'Retrieve orderdetails together with related products information', 'tables': ['orderdetails od', 'products p'], 'columns': ['od."orderNumber"', 'p."productName"', 'od."quantityOrdered"'], 'filters': 'None', 'joins': ['orderdetails od JOIN products p ON od."productCode" = p."productCode"'], 'question': 'Get order details with product names'}
2026-06-19 13:30:25,584 - INFO - Generated SQL: SELECT od."orderNumber", p."productName", od."quantityOrdered" FROM orderdetails od JOIN products p ON od."productCode" = p."productCode" ;
2026-06-19 13:30:25,585 - INFO - Attempt 1: executing -> SELECT od."orderNumber", p."productName", od."quantityOrdered" FROM orderdetails od JOIN products p ON od."productCode" = p."productCode" ;
2026-06-19 13:30:25,647 - INFO - Success on attempt 1 (2996 rows, 61ms)
2026-06-19 13:30:25,648 - INFO - Decomposition for 'Get products with product line description': {'intent': 'Retrieve products together with related productlines information', 'tables': ['products p', 'productlines pl'], 'columns': ['p."productName"', 'pl."textDescription"'], 'filters': 'None', 'joins': ['products p JOIN productlines pl ON p."productLine" = pl."productLine"'], 'question': 'Get products with product line description'}
2026-06-19 13:30:25,648 - INFO - Generated SQL: SELECT p."productName", pl."textDescription" FROM products p JOIN productlines pl ON p."productLine" = pl."productLine" ;
2026-06-19 13:30:25,649 - INFO - Attempt 1: executing -> SELECT p."productName", pl."textDescription" FROM products p JOIN productlines pl ON p."productLine" = pl."productLine" ;
2026-06-19 13:30:25,679 - INFO - Success on attempt 1 (110 rows, 30ms)
2026-06-19 13:30:25,681 - INFO - Decomposition for 'Get customers with sales rep names': {'intent': 'Retrieve customers together with related employees information', 'tables': ['customers c', 'employees e'], 'columns': ['c."customerName"', 'e."firstName"', 'e."lastName"'], 'filters': 'None', 'joins': ['customers c JOIN employees e ON c."salesRepEmployeeNumber" = e."employeeNumber"'], 'question': 'Get customers with sales rep names'}
2026-06-19 13:30:25,681 - INFO - Generated SQL: SELECT c."customerName", e."firstName", e."lastName" FROM customers c JOIN employees e ON c."salesRepEmployeeNumber" = e."employeeNumber" ;
2026-06-19 13:30:25,681 - INFO - Attempt 1: executing -> SELECT c."customerName", e."firstName", e."lastName" FROM customers c JOIN employees e ON c."salesRepEmployeeNumber" = e."employeeNumber" ;
2026-06-19 13:30:25,718 - INFO - Success on attempt 1 (100 rows, 36ms)
2026-06-19 13:30:25,719 - INFO - Decomposition for 'Get orders with customer city': {'intent': 'Retrieve orders together with related customers information', 'tables': ['orders o', 'customers c'], 'columns': ['o."orderNumber"', 'c.city'], 'filters': 'None', 'joins': ['orders o JOIN customers c ON o."customerNumber" = c."customerNumber"'], 'question': 'Get orders with customer city'}
2026-06-19 13:30:25,719 - INFO - Generated SQL: SELECT o."orderNumber", c.city FROM orders o JOIN customers c ON o."customerNumber" = c."customerNumber" ;
2026-06-19 13:30:25,720 - INFO - Attempt 1: executing -> SELECT o."orderNumber", c.city FROM orders o JOIN customers c ON o."customerNumber" = c."customerNumber" ;
2026-06-19 13:30:25,752 - INFO - Success on attempt 1 (326 rows, 31ms)
2026-06-19 13:30:25,753 - INFO - Decomposition for 'Get employees and their manager': {'intent': 'Retrieve employees together with their manager (self join)', 'tables': ['employees e', 'employees m'], 'columns': ['e."firstName"', 'e."lastName"', 'm."firstName" AS "managerFirstName"', 'm."lastName" AS "managerLastName"'], 'filters': 'None', 'joins': ['employees e JOIN employees m ON e."reportsTo" = m."employeeNumber"'], 'question': 'Get employees and their manager'}
2026-06-19 13:30:25,753 - INFO - Generated SQL: SELECT e."firstName", e."lastName", m."firstName" AS "managerFirstName", m."lastName" AS "managerLastName" FROM employees e JOIN employees m ON e."reportsTo" = m."employeeNumber" ;
2026-06-19 13:30:25,754 - INFO - Attempt 1: executing -> SELECT e."firstName", e."lastName", m."firstName" AS "managerFirstName", m."lastName" AS "managerLastName" FROM employees e JOIN employees m ON e."reportsTo" = m."employeeNumber" ;
2026-06-19 13:30:25,774 - INFO - Success on attempt 1 (22 rows, 20ms)
2026-06-19 13:30:25,776 - INFO - Decomposition for 'Get orderdetails with product vendor': {'intent': 'Retrieve orderdetails together with related products information', 'tables': ['orderdetails od', 'products p'], 'columns': ['od."orderNumber"', 'p."productVendor"'], 'filters': 'None', 'joins': ['orderdetails od JOIN products p ON od."productCode" = p."productCode"'], 'question': 'Get orderdetails with product vendor'}
2026-06-19 13:30:25,776 - INFO - Generated SQL: SELECT od."orderNumber", p."productVendor" FROM orderdetails od JOIN products p ON od."productCode" = p."productCode" ;
2026-06-19 13:30:25,777 - INFO - Attempt 1: executing -> SELECT od."orderNumber", p."productVendor" FROM orderdetails od JOIN products p ON od."productCode" = p."productCode" ;
2026-06-19 13:30:25,835 - INFO - Success on attempt 1 (2996 rows, 58ms)
2026-06-19 13:30:25,836 - INFO - Decomposition for 'Get payments with customer country': {'intent': 'Retrieve payments together with related customers information', 'tables': ['payments pm', 'customers c'], 'columns': ['pm."checkNumber"', 'c.country'], 'filters': 'None', 'joins': ['payments pm JOIN customers c ON pm."customerNumber" = c."customerNumber"'], 'question': 'Get payments with customer country'}
2026-06-19 13:30:25,837 - INFO - Generated SQL: SELECT pm."checkNumber", c.country FROM payments pm JOIN customers c ON pm."customerNumber" = c."customerNumber" ;
2026-06-19 13:30:25,837 - INFO - Attempt 1: executing -> SELECT pm."checkNumber", c.country FROM payments pm JOIN customers c ON pm."customerNumber" = c."customerNumber" ;
2026-06-19 13:30:25,881 - INFO - Success on attempt 1 (273 rows, 44ms)
2026-06-19 13:30:25,882 - INFO - Decomposition for 'Count customers per country': {'intent': 'COUNT of customers grouped by country', 'tables': ['customers'], 'columns': ['country', 'COUNT(*) AS result'], 'filters': 'GROUP BY country', 'joins': 'None', 'question': 'Count customers per country'}
2026-06-19 13:30:25,883 - INFO - Generated SQL: SELECT country, COUNT(*) AS result FROM customers GROUP BY country;
2026-06-19 13:30:25,883 - INFO - Attempt 1: executing -> SELECT country, COUNT(*) AS result FROM customers GROUP BY country;
2026-06-19 13:30:25,920 - INFO - Success on attempt 1 (28 rows, 37ms)
2026-06-19 13:30:25,922 - INFO - Decomposition for 'Total payments per customer': {'intent': 'SUM of payments grouped by customer', 'tables': ['payments pm', 'customers c'], 'columns': ['c."customerNumber"', 'SUM(pm.amount) AS result'], 'filters': 'GROUP BY c."customerNumber"', 'joins': ['payments pm JOIN customers c ON pm."customerNumber" = c."customerNumber"'], 'question': 'Total payments per customer'}
2026-06-19 13:30:25,922 - INFO - Generated SQL: SELECT c."customerNumber", SUM(pm.amount) AS result FROM payments pm JOIN customers c ON pm."customerNumber" = c."customerNumber" GROUP BY c."customerNumber";
2026-06-19 13:30:25,923 - INFO - Attempt 1: executing -> SELECT c."customerNumber", SUM(pm.amount) AS result FROM payments pm JOIN customers c ON pm."customerNumber" = c."customerNumber" GROUP BY c."customerNumber";
2026-06-19 13:30:25,956 - INFO - Success on attempt 1 (98 rows, 33ms)
2026-06-19 13:30:25,957 - INFO - Decomposition for 'Number of orders per status': {'intent': 'COUNT of orders grouped by status', 'tables': ['orders'], 'columns': ['status', 'COUNT(*) AS result'], 'filters': 'GROUP BY status', 'joins': 'None', 'question': 'Number of orders per status'}
2026-06-19 13:30:25,958 - INFO - Generated SQL: SELECT status, COUNT(*) AS result FROM orders GROUP BY status;
2026-06-19 13:30:25,958 - INFO - Attempt 1: executing -> SELECT status, COUNT(*) AS result FROM orders GROUP BY status;
2026-06-19 13:30:25,982 - INFO - Success on attempt 1 (6 rows, 23ms)
2026-06-19 13:30:25,983 - INFO - Decomposition for 'Products per product line': {'intent': 'COUNT of products grouped by product line', 'tables': ['products p', 'productlines pl'], 'columns': ['pl."productLine"', 'COUNT(*) AS result'], 'filters': 'GROUP BY pl."productLine"', 'joins': ['products p JOIN productlines pl ON p."productLine" = pl."productLine"'], 'question': 'Products per product line'}
2026-06-19 13:30:25,983 - INFO - Generated SQL: SELECT pl."productLine", COUNT(*) AS result FROM products p JOIN productlines pl ON p."productLine" = pl."productLine" GROUP BY pl."productLine";
2026-06-19 13:30:25,983 - INFO - Attempt 1: executing -> SELECT pl."productLine", COUNT(*) AS result FROM products p JOIN productlines pl ON p."productLine" = pl."productLine" GROUP BY pl."productLine";
2026-06-19 13:30:26,009 - INFO - Success on attempt 1 (7 rows, 25ms)
2026-06-19 13:30:26,010 - INFO - Decomposition for 'Employees per office': {'intent': 'COUNT of employees grouped by office', 'tables': ['employees e', 'offices of'], 'columns': ['of."officeCode"', 'COUNT(*) AS result'], 'filters': 'GROUP BY of."officeCode"', 'joins': ['employees e JOIN offices of ON e."officeCode" = of."officeCode"'], 'question': 'Employees per office'}
2026-06-19 13:30:26,010 - INFO - Generated SQL: SELECT of."officeCode", COUNT(*) AS result FROM employees e JOIN offices of ON e."officeCode" = of."officeCode" GROUP BY of."officeCode";
2026-06-19 13:30:26,010 - INFO - Attempt 1: executing -> SELECT of."officeCode", COUNT(*) AS result FROM employees e JOIN offices of ON e."officeCode" = of."officeCode" GROUP BY of."officeCode";
2026-06-19 13:30:26,030 - INFO - Success on attempt 1 (7 rows, 19ms)
2026-06-19 13:30:26,031 - INFO - Decomposition for 'Total stock per product vendor': {'intent': 'SUM of stock grouped by vendor', 'tables': ['products'], 'columns': ['"productVendor"', 'SUM("quantityInStock") AS result'], 'filters': 'GROUP BY "productVendor"', 'joins': 'None', 'question': 'Total stock per product vendor'}
2026-06-19 13:30:26,031 - INFO - Generated SQL: SELECT "productVendor", SUM("quantityInStock") AS result FROM products GROUP BY "productVendor";
2026-06-19 13:30:26,032 - INFO - Attempt 1: executing -> SELECT "productVendor", SUM("quantityInStock") AS result FROM products GROUP BY "productVendor";
2026-06-19 13:30:26,066 - INFO - Success on attempt 1 (13 rows, 34ms)
2026-06-19 13:30:26,067 - INFO - Decomposition for 'Average buy price per product line': {'intent': 'AVG of buy price grouped by product line', 'tables': ['products p', 'productlines pl'], 'columns': ['pl."productLine"', 'AVG(p."buyPrice") AS result'], 'filters': 'GROUP BY pl."productLine"', 'joins': ['products p JOIN productlines pl ON p."productLine" = pl."productLine"'], 'question': 'Average buy price per product line'}
2026-06-19 13:30:26,068 - INFO - Generated SQL: SELECT pl."productLine", AVG(p."buyPrice") AS result FROM products p JOIN productlines pl ON p."productLine" = pl."productLine" GROUP BY pl."productLine";
2026-06-19 13:30:26,068 - INFO - Attempt 1: executing -> SELECT pl."productLine", AVG(p."buyPrice") AS result FROM products p JOIN productlines pl ON p."productLine" = pl."productLine" GROUP BY pl."productLine";
2026-06-19 13:30:26,090 - INFO - Success on attempt 1 (7 rows, 22ms)
2026-06-19 13:30:26,092 - INFO - Decomposition for 'Orders per customer': {'intent': 'COUNT of orders grouped by customer', 'tables': ['orders o', 'customers c'], 'columns': ['c."customerNumber"', 'COUNT(*) AS result'], 'filters': 'GROUP BY c."customerNumber"', 'joins': ['orders o JOIN customers c ON o."customerNumber" = c."customerNumber"'], 'question': 'Orders per customer'}
2026-06-19 13:30:26,093 - INFO - Generated SQL: SELECT c."customerNumber", COUNT(*) AS result FROM orders o JOIN customers c ON o."customerNumber" = c."customerNumber" GROUP BY c."customerNumber";
2026-06-19 13:30:26,093 - INFO - Attempt 1: executing -> SELECT c."customerNumber", COUNT(*) AS result FROM orders o JOIN customers c ON o."customerNumber" = c."customerNumber" GROUP BY c."customerNumber";
2026-06-19 13:30:26,112 - INFO - Success on attempt 1 (98 rows, 19ms)
2026-06-19 13:30:26,113 - INFO - Decomposition for 'Max MSRP per product line': {'intent': 'MAX of msrp grouped by product line', 'tables': ['products p', 'productlines pl'], 'columns': ['pl."productLine"', 'MAX(p."MSRP") AS result'], 'filters': 'GROUP BY pl."productLine"', 'joins': ['products p JOIN productlines pl ON p."productLine" = pl."productLine"'], 'question': 'Max MSRP per product line'}
2026-06-19 13:30:26,113 - INFO - Generated SQL: SELECT pl."productLine", MAX(p."MSRP") AS result FROM products p JOIN productlines pl ON p."productLine" = pl."productLine" GROUP BY pl."productLine";
2026-06-19 13:30:26,113 - INFO - Attempt 1: executing -> SELECT pl."productLine", MAX(p."MSRP") AS result FROM products p JOIN productlines pl ON p."productLine" = pl."productLine" GROUP BY pl."productLine";
2026-06-19 13:30:26,147 - INFO - Success on attempt 1 (7 rows, 33ms)
2026-06-19 13:30:26,148 - INFO - Decomposition for 'Min buy price per vendor': {'intent': 'MIN of buy price grouped by vendor', 'tables': ['products'], 'columns': ['"productVendor"', 'MIN("buyPrice") AS result'], 'filters': 'GROUP BY "productVendor"', 'joins': 'None', 'question': 'Min buy price per vendor'}
2026-06-19 13:30:26,148 - INFO - Generated SQL: SELECT "productVendor", MIN("buyPrice") AS result FROM products GROUP BY "productVendor";
2026-06-19 13:30:26,148 - INFO - Attempt 1: executing -> SELECT "productVendor", MIN("buyPrice") AS result FROM products GROUP BY "productVendor";
2026-06-19 13:30:26,166 - INFO - Success on attempt 1 (13 rows, 18ms)
2026-06-19 13:30:26,167 - INFO - Decomposition for 'Total number of customers': {'intent': 'COUNT of customers', 'tables': ['customers'], 'columns': ['COUNT(*) AS result'], 'filters': 'None', 'joins': 'None', 'question': 'Total number of customers'}
2026-06-19 13:30:26,168 - INFO - Generated SQL: SELECT COUNT(*) AS result FROM customers ;
2026-06-19 13:30:26,169 - INFO - Attempt 1: executing -> SELECT COUNT(*) AS result FROM customers ;
2026-06-19 13:30:26,198 - INFO - Success on attempt 1 (1 rows, 29ms)
2026-06-19 13:30:26,199 - INFO - Decomposition for 'Total number of products': {'intent': 'COUNT of products', 'tables': ['products'], 'columns': ['COUNT(*) AS result'], 'filters': 'None', 'joins': 'None', 'question': 'Total number of products'}
2026-06-19 13:30:26,199 - INFO - Generated SQL: SELECT COUNT(*) AS result FROM products ;
2026-06-19 13:30:26,200 - INFO - Attempt 1: executing -> SELECT COUNT(*) AS result FROM products ;
2026-06-19 13:30:26,216 - INFO - Success on attempt 1 (1 rows, 16ms)
2026-06-19 13:30:26,217 - INFO - Decomposition for 'Total revenue from payments': {'intent': 'SUM of revenue from payments', 'tables': ['payments'], 'columns': ['SUM(amount) AS result'], 'filters': 'None', 'joins': 'None', 'question': 'Total revenue from payments'}
2026-06-19 13:30:26,217 - INFO - Generated SQL: SELECT SUM(amount) AS result FROM payments ;
2026-06-19 13:30:26,218 - INFO - Attempt 1: executing -> SELECT SUM(amount) AS result FROM payments ;
2026-06-19 13:30:26,247 - INFO - Success on attempt 1 (1 rows, 29ms)
2026-06-19 13:30:26,248 - INFO - Decomposition for 'Average product price': {'intent': 'AVG of product price', 'tables': ['products'], 'columns': ['AVG("buyPrice") AS result'], 'filters': 'None', 'joins': 'None', 'question': 'Average product price'}
2026-06-19 13:30:26,248 - INFO - Generated SQL: SELECT AVG("buyPrice") AS result FROM products ;
2026-06-19 13:30:26,249 - INFO - Attempt 1: executing -> SELECT AVG("buyPrice") AS result FROM products ;
2026-06-19 13:30:26,267 - INFO - Success on attempt 1 (1 rows, 18ms)
2026-06-19 13:30:26,268 - INFO - Decomposition for 'Max payment amount': {'intent': 'MAX of payment amount', 'tables': ['payments'], 'columns': ['MAX(amount) AS result'], 'filters': 'None', 'joins': 'None', 'question': 'Max payment amount'}
2026-06-19 13:30:26,268 - INFO - Generated SQL: SELECT MAX(amount) AS result FROM payments ;
2026-06-19 13:30:26,268 - INFO - Attempt 1: executing -> SELECT MAX(amount) AS result FROM payments ;
2026-06-19 13:30:26,303 - INFO - Success on attempt 1 (1 rows, 34ms)
2026-06-19 13:30:26,304 - INFO - Decomposition for 'Min payment amount': {'intent': 'MIN of payment amount', 'tables': ['payments'], 'columns': ['MIN(amount) AS result'], 'filters': 'None', 'joins': 'None', 'question': 'Min payment amount'}
2026-06-19 13:30:26,304 - INFO - Generated SQL: SELECT MIN(amount) AS result FROM payments ;
2026-06-19 13:30:26,305 - INFO - Attempt 1: executing -> SELECT MIN(amount) AS result FROM payments ;
2026-06-19 13:30:26,327 - INFO - Success on attempt 1 (1 rows, 22ms)
2026-06-19 13:30:26,328 - INFO - Decomposition for 'Count total orders': {'intent': 'COUNT of orders', 'tables': ['orders'], 'columns': ['COUNT(*) AS result'], 'filters': 'None', 'joins': 'None', 'question': 'Count total orders'}
2026-06-19 13:30:26,328 - INFO - Generated SQL: SELECT COUNT(*) AS result FROM orders ;
2026-06-19 13:30:26,328 - INFO - Attempt 1: executing -> SELECT COUNT(*) AS result FROM orders ;
2026-06-19 13:30:26,368 - INFO - Success on attempt 1 (1 rows, 39ms)
2026-06-19 13:30:26,370 - INFO - Decomposition for 'Total quantity in stock': {'intent': 'SUM of quantity in stock', 'tables': ['products'], 'columns': ['SUM("quantityInStock") AS result'], 'filters': 'None', 'joins': 'None', 'question': 'Total quantity in stock'}
2026-06-19 13:30:26,370 - INFO - Generated SQL: SELECT SUM("quantityInStock") AS result FROM products ;
2026-06-19 13:30:26,371 - INFO - Attempt 1: executing -> SELECT SUM("quantityInStock") AS result FROM products ;
2026-06-19 13:30:26,399 - INFO - Success on attempt 1 (1 rows, 28ms)
2026-06-19 13:30:26,400 - INFO - Decomposition for 'Average MSRP': {'intent': 'AVG of msrp', 'tables': ['products'], 'columns': ['AVG("MSRP") AS result'], 'filters': 'None', 'joins': 'None', 'question': 'Average MSRP'}
2026-06-19 13:30:26,401 - INFO - Generated SQL: SELECT AVG("MSRP") AS result FROM products ;
2026-06-19 13:30:26,401 - INFO - Attempt 1: executing -> SELECT AVG("MSRP") AS result FROM products ;
2026-06-19 13:30:26,420 - INFO - Success on attempt 1 (1 rows, 19ms)
2026-06-19 13:30:26,421 - INFO - Decomposition for 'Number of employees': {'intent': 'COUNT of employees', 'tables': ['employees'], 'columns': ['COUNT(*) AS result'], 'filters': 'None', 'joins': 'None', 'question': 'Number of employees'}
2026-06-19 13:30:26,421 - INFO - Generated SQL: SELECT COUNT(*) AS result FROM employees ;
2026-06-19 13:30:26,422 - INFO - Attempt 1: executing -> SELECT COUNT(*) AS result FROM employees ;
2026-06-19 13:30:26,441 - INFO - Success on attempt 1 (1 rows, 19ms)
